python : C:\Users\navne\AppData\Local\Microsoft\Wi
ndowsApps\PythonSoftwareFoundation.Python.3.11_qbz
5n2kfra8p0\python.exe: No module named pytest
At line:1 char:1
+ python -m pytest > pytest_output.txt 2>&1
+ ~~~~~~~~~~~~~~~~~~~~~~~~~~~~~~~~~~~~~~~~~
    + CategoryInfo          : NotSpecified: (C:\U 
   sers\navne\...le named pytest:String) [], Rem  
  oteException
    + FullyQualifiedErrorId : NativeCommandError
 
